2025-09-29 19:20:22,170 [main] INFO OrangeHRM Application - ************* Launching CHROME Browser *****************
2025-09-29 19:20:23,180 [main] INFO OrangeHRM Application - ************* Browser Launched and Maximized *****************
2025-09-29 19:20:23,364 [main] INFO OrangeHRM Application - ************* Get The Application URL  *****************
2025-09-29 19:20:27,453 [main] INFO OrangeHRM Application - ************* Quitting Browser *****************
2025-09-29 19:20:27,555 [main] INFO OrangeHRM Application - ************* Browser Closed Successfully *****************
2025-09-29 19:21:32,432 [main] INFO OrangeHRM Application - ************* Launching CHROME Browser *****************
2025-09-29 19:21:32,961 [main] INFO OrangeHRM Application - ************* Launching CHROME Browser *****************
2025-09-29 19:21:34,453 [main] INFO OrangeHRM Application - ************* Browser Launched and Maximized *****************
2025-09-29 19:21:34,534 [main] INFO OrangeHRM Application - ************* Get The Application URL  *****************
2025-09-29 19:21:34,866 [main] INFO OrangeHRM Application - ************* Browser Launched and Maximized *****************
2025-09-29 19:21:34,961 [main] INFO OrangeHRM Application - ************* Get The Application URL  *****************
2025-09-29 19:21:38,189 [main] INFO OrangeHRM Application - ************* Quitting Browser *****************
2025-09-29 19:21:38,306 [main] INFO OrangeHRM Application - ************* Browser Closed Successfully *****************
2025-09-29 19:21:38,494 [main] INFO OrangeHRM Application - ************* Quitting Browser *****************
2025-09-29 19:21:38,594 [main] INFO OrangeHRM Application - ************* Browser Closed Successfully *****************
2025-09-29 19:22:33,914 [main] INFO OrangeHRM Application - ************* Launching CHROME Browser *****************
2025-09-29 19:22:34,963 [main] INFO OrangeHRM Application - ************* Browser Launched and Maximized *****************
2025-09-29 19:22:35,128 [main] INFO OrangeHRM Application - ************* Get The Application URL  *****************
2025-09-29 19:45:19,230 [main] INFO OrangeHRM Application - ************* Launching CHROME Browser *****************
2025-09-29 19:45:20,512 [main] INFO OrangeHRM Application - ************* Browser Launched and Maximized *****************
2025-09-29 19:45:20,750 [main] INFO OrangeHRM Application - ************* Get The Application URL  *****************
2025-09-29 19:45:26,129 [main] INFO OrangeHRM Application - *** Enter The User Name of The Orange HRM Portal***
2025-09-29 19:49:17,130 [main] INFO OrangeHRM Application - ************* Launching CHROME Browser *****************
2025-09-29 19:49:18,467 [main] INFO OrangeHRM Application - ************* Browser Launched and Maximized *****************
2025-09-29 19:54:11,560 [main] INFO OrangeHRM Application - ************* Launching CHROME Browser *****************
2025-09-29 19:54:12,805 [main] INFO OrangeHRM Application - ************* Browser Launched and Maximized *****************
2025-09-29 19:54:12,987 [main] INFO OrangeHRM Application - ************* Get The Application URL  *****************
2025-09-29 19:54:19,143 [main] INFO OrangeHRM Application - *** Enter The User Name of The Orange HRM Portal***
2025-09-29 19:54:20,464 [main] INFO OrangeHRM Application - *** Enter The password  of The Orange HRM Portal***
2025-09-29 19:57:08,211 [main] INFO OrangeHRM Application - ************* Launching CHROME Browser *****************
2025-09-29 19:57:09,271 [main] INFO OrangeHRM Application - ************* Browser Launched and Maximized *****************
2025-09-29 19:57:09,358 [main] INFO OrangeHRM Application - ************* Get The Application URL  *****************
2025-09-29 19:57:13,922 [main] INFO OrangeHRM Application - *** Enter The User Name of The Orange HRM Portal***
2025-09-29 19:58:31,738 [main] INFO OrangeHRM Application - ************* Launching CHROME Browser *****************
2025-09-29 19:58:33,005 [main] INFO OrangeHRM Application - ************* Browser Launched and Maximized *****************
2025-09-29 19:58:33,180 [main] INFO OrangeHRM Application - ************* Get The Application URL  *****************
2025-09-29 19:58:38,204 [main] INFO OrangeHRM Application - *** Enter The User Name of The Orange HRM Portal***
2025-09-29 19:58:39,527 [main] INFO OrangeHRM Application - *** Enter The password  of The Orange HRM Portal***
2025-09-29 20:07:20,430 [main] INFO OrangeHRM Application - ************* Launching CHROME Browser *****************
2025-09-29 20:07:21,653 [main] INFO OrangeHRM Application - ************* Browser Launched and Maximized *****************
2025-09-29 20:07:21,814 [main] INFO OrangeHRM Application - ************* Get The Application URL  *****************
2025-09-29 20:07:30,359 [main] INFO OrangeHRM Application - *** Enter The User Name of The Orange HRM Portal***
2025-09-29 20:07:32,210 [main] INFO OrangeHRM Application - *** Enter The password  of The Orange HRM Portal***
2025-09-29 20:07:32,381 [main] INFO OrangeHRM Application - *** Click The Login Button ***
2025-09-29 20:08:45,596 [main] INFO OrangeHRM Application - ************* Launching CHROME Browser *****************
2025-09-29 20:08:49,296 [main] INFO OrangeHRM Application - ************* Launching CHROME Browser *****************
2025-09-29 20:08:50,791 [main] INFO OrangeHRM Application - ************* Browser Launched and Maximized *****************
2025-09-29 20:08:50,982 [main] INFO OrangeHRM Application - ************* Get The Application URL  *****************
2025-09-29 20:08:55,362 [main] INFO OrangeHRM Application - *** Enter The User Name of The Orange HRM Portal***
2025-09-29 20:08:56,652 [main] INFO OrangeHRM Application - *** Enter The password  of The Orange HRM Portal***
2025-09-29 20:08:56,810 [main] INFO OrangeHRM Application - *** Click The Login Button ***
2025-09-29 20:29:00,380 [main] INFO OrangeHRM Application - ************* Launching CHROME Browser *****************
2025-09-29 20:29:01,422 [main] INFO OrangeHRM Application - ************* Browser Launched and Maximized *****************
2025-09-29 20:29:01,582 [main] INFO OrangeHRM Application - ************* Get The Application URL  *****************
2025-09-29 20:29:07,539 [main] INFO OrangeHRM Application - *** Enter The User Name of The Orange HRM Portal***
2025-09-29 20:29:08,840 [main] INFO OrangeHRM Application - *** Enter The password  of The Orange HRM Portal***
2025-09-29 20:29:08,972 [main] INFO OrangeHRM Application - *** Click The Login Button ***
2025-09-29 20:29:10,442 [main] INFO OrangeHRM Application - *** click the PIM side menu ***
2025-09-29 20:30:59,564 [main] INFO OrangeHRM Application - ************* Launching CHROME Browser *****************
2025-09-29 20:31:00,587 [main] INFO OrangeHRM Application - ************* Browser Launched and Maximized *****************
2025-09-29 20:31:00,746 [main] INFO OrangeHRM Application - ************* Get The Application URL  *****************
2025-09-29 20:31:05,241 [main] INFO OrangeHRM Application - *** Enter The User Name of The Orange HRM Portal***
2025-09-29 20:31:06,035 [main] INFO OrangeHRM Application - *** Enter The password  of The Orange HRM Portal***
2025-09-29 20:31:06,185 [main] INFO OrangeHRM Application - *** Click The Login Button ***
2025-09-29 20:31:07,786 [main] INFO OrangeHRM Application - *** click the PIM side menu ***
2025-09-29 20:42:41,905 [main] INFO OrangeHRM Application - ************* Launching CHROME Browser *****************
2025-09-29 20:42:43,979 [main] INFO OrangeHRM Application - ************* Browser Launched and Maximized *****************
2025-09-29 20:42:44,253 [main] INFO OrangeHRM Application - ************* Get The Application URL  *****************
2025-09-29 20:42:48,593 [main] INFO OrangeHRM Application - *** Enter The User Name of The Orange HRM Portal***
2025-09-29 20:42:50,251 [main] INFO OrangeHRM Application - *** Enter The password  of The Orange HRM Portal***
2025-09-29 20:42:50,793 [main] INFO OrangeHRM Application - *** Click The Login Button ***
2025-09-29 20:42:52,959 [main] INFO OrangeHRM Application - *** click the PIM side menu ***
2025-09-29 20:42:55,288 [main] INFO OrangeHRM Application - *** click Add New Button ***
2025-09-29 21:08:43,480 [main] INFO OrangeHRM Application - ************* Launching CHROME Browser *****************
2025-09-29 21:08:45,451 [main] INFO OrangeHRM Application - ************* Browser Launched and Maximized *****************
2025-09-29 21:08:45,749 [main] INFO OrangeHRM Application - ************* Get The Application URL  *****************
2025-09-29 21:08:47,479 [main] INFO OrangeHRM Application - ************* Launching CHROME Browser *****************
2025-09-29 21:08:49,430 [main] INFO OrangeHRM Application - ************* Browser Launched and Maximized *****************
2025-09-29 21:08:49,668 [main] INFO OrangeHRM Application - ************* Get The Application URL  *****************
2025-09-29 21:08:50,177 [main] INFO OrangeHRM Application - *** Enter The User Name of The Orange HRM Portal***
2025-09-29 21:08:51,985 [main] INFO OrangeHRM Application - *** Enter The password  of The Orange HRM Portal***
2025-09-29 21:08:52,563 [main] INFO OrangeHRM Application - *** Click The Login Button ***
2025-09-29 21:08:53,590 [main] INFO OrangeHRM Application - *** Enter The User Name of The Orange HRM Portal***
2025-09-29 21:08:54,330 [main] INFO OrangeHRM Application - *** click the PIM side menu ***
2025-09-29 21:08:55,342 [main] INFO OrangeHRM Application - *** Enter The password  of The Orange HRM Portal***
2025-09-29 21:08:55,775 [main] INFO OrangeHRM Application - *** Click The Login Button ***
2025-09-29 21:08:56,858 [main] INFO OrangeHRM Application - *** click Add New Button ***
2025-09-29 21:08:57,487 [main] INFO OrangeHRM Application - *** click the PIM side menu ***
2025-09-29 21:08:58,260 [main] INFO OrangeHRM Application - *** Add Employee Details ***
2025-09-29 21:09:00,160 [main] INFO OrangeHRM Application - *** click Add New Button ***
2025-09-29 21:09:01,592 [main] INFO OrangeHRM Application - *** Add Employee Details ***
2025-09-29 21:14:34,591 [main] INFO OrangeHRM Application - ************* Launching CHROME Browser *****************
2025-09-29 21:14:36,984 [main] INFO OrangeHRM Application - ************* Browser Launched and Maximized *****************
2025-09-29 21:14:37,264 [main] INFO OrangeHRM Application - ************* Get The Application URL  *****************
2025-09-29 21:14:42,438 [main] INFO OrangeHRM Application - *** Enter The User Name of The Orange HRM Portal***
2025-09-29 21:14:43,984 [main] INFO OrangeHRM Application - *** Enter The password  of The Orange HRM Portal***
2025-09-29 21:14:44,400 [main] INFO OrangeHRM Application - *** Click The Login Button ***
2025-09-29 21:14:46,040 [main] INFO OrangeHRM Application - *** click the PIM side menu ***
2025-09-29 21:14:48,248 [main] INFO OrangeHRM Application - *** click Add New Button ***
2025-09-29 21:14:49,704 [main] INFO OrangeHRM Application - *** Add Employee Details ***
2025-09-29 21:19:51,443 [main] INFO OrangeHRM Application - ************* Launching CHROME Browser *****************
2025-09-29 21:19:53,976 [main] INFO OrangeHRM Application - ************* Browser Launched and Maximized *****************
2025-09-29 21:19:54,311 [main] INFO OrangeHRM Application - ************* Get The Application URL  *****************
2025-09-29 21:19:59,152 [main] INFO OrangeHRM Application - *** Enter The User Name of The Orange HRM Portal***
2025-09-29 21:20:00,698 [main] INFO OrangeHRM Application - *** Enter The password  of The Orange HRM Portal***
2025-09-29 21:20:01,057 [main] INFO OrangeHRM Application - *** Click The Login Button ***
2025-09-29 21:20:03,321 [main] INFO OrangeHRM Application - *** click the PIM side menu ***
2025-09-29 21:20:06,005 [main] INFO OrangeHRM Application - *** click Add New Button ***
2025-09-29 21:20:07,542 [main] INFO OrangeHRM Application - *** Add Employee Details ***
2025-09-29 21:20:40,334 [main] INFO OrangeHRM Application - ************* Launching CHROME Browser *****************
2025-09-29 21:20:42,553 [main] INFO OrangeHRM Application - ************* Browser Launched and Maximized *****************
2025-09-29 21:20:42,826 [main] INFO OrangeHRM Application - ************* Get The Application URL  *****************
2025-09-29 21:20:47,044 [main] INFO OrangeHRM Application - *** Enter The User Name of The Orange HRM Portal***
2025-09-29 21:20:48,507 [main] INFO OrangeHRM Application - *** Enter The password  of The Orange HRM Portal***
2025-09-29 21:20:48,781 [main] INFO OrangeHRM Application - *** Click The Login Button ***
2025-09-29 21:20:50,384 [main] INFO OrangeHRM Application - *** click the PIM side menu ***
2025-09-29 21:20:52,873 [main] INFO OrangeHRM Application - *** click Add New Button ***
2025-09-29 21:20:54,416 [main] INFO OrangeHRM Application - *** Add Employee Details ***
2025-09-29 21:24:11,939 [main] INFO OrangeHRM Application - ************* Launching CHROME Browser *****************
2025-09-29 21:24:14,191 [main] INFO OrangeHRM Application - ************* Browser Launched and Maximized *****************
2025-09-29 21:24:14,485 [main] INFO OrangeHRM Application - ************* Get The Application URL  *****************
2025-09-29 21:24:24,117 [main] INFO OrangeHRM Application - *** Enter The User Name of The Orange HRM Portal***
2025-09-29 21:24:25,811 [main] INFO OrangeHRM Application - *** Enter The password  of The Orange HRM Portal***
2025-09-29 21:24:26,468 [main] INFO OrangeHRM Application - *** Click The Login Button ***
2025-09-29 21:24:28,410 [main] INFO OrangeHRM Application - *** click the PIM side menu ***
2025-09-29 21:24:33,461 [main] INFO OrangeHRM Application - *** click Add New Button ***
2025-09-29 21:24:34,899 [main] INFO OrangeHRM Application - *** Add Employee Details ***
2025-09-29 21:25:50,148 [main] INFO OrangeHRM Application - ************* Launching CHROME Browser *****************
2025-09-29 21:25:52,335 [main] INFO OrangeHRM Application - ************* Browser Launched and Maximized *****************
2025-09-29 21:26:20,195 [main] INFO OrangeHRM Application - ************* Launching CHROME Browser *****************
2025-09-29 21:26:22,469 [main] INFO OrangeHRM Application - ************* Browser Launched and Maximized *****************
2025-09-29 21:27:22,888 [main] INFO OrangeHRM Application - ************* Launching CHROME Browser *****************
2025-09-29 21:27:25,055 [main] INFO OrangeHRM Application - ************* Browser Launched and Maximized *****************
2025-09-29 21:27:25,342 [main] INFO OrangeHRM Application - ************* Get The Application URL  *****************
2025-09-29 21:27:30,124 [main] INFO OrangeHRM Application - *** Enter The User Name of The Orange HRM Portal***
2025-09-29 21:27:31,985 [main] INFO OrangeHRM Application - *** Enter The password  of The Orange HRM Portal***
2025-09-29 21:27:32,571 [main] INFO OrangeHRM Application - *** Click The Login Button ***
2025-09-29 21:27:34,269 [main] INFO OrangeHRM Application - *** click the PIM side menu ***
2025-09-29 21:27:36,748 [main] INFO OrangeHRM Application - *** click Add New Button ***
2025-09-29 21:27:38,185 [main] INFO OrangeHRM Application - *** Add Employee Details ***
2025-09-29 21:29:36,138 [main] INFO OrangeHRM Application - ************* Launching CHROME Browser *****************
2025-09-29 21:29:37,909 [main] INFO OrangeHRM Application - ************* Browser Launched and Maximized *****************
2025-09-29 21:29:38,253 [main] INFO OrangeHRM Application - ************* Get The Application URL  *****************
2025-09-29 21:29:42,180 [main] INFO OrangeHRM Application - *** Enter The User Name of The Orange HRM Portal***
2025-09-29 21:29:44,142 [main] INFO OrangeHRM Application - *** Enter The password  of The Orange HRM Portal***
2025-09-29 21:29:44,629 [main] INFO OrangeHRM Application - *** Click The Login Button ***
2025-09-29 21:29:46,446 [main] INFO OrangeHRM Application - *** click the PIM side menu ***
2025-09-29 21:29:48,787 [main] INFO OrangeHRM Application - *** click Add New Button ***
2025-09-29 21:29:50,209 [main] INFO OrangeHRM Application - *** Add Employee Details ***
2025-09-29 21:31:44,653 [main] INFO OrangeHRM Application - ************* Launching CHROME Browser *****************
2025-09-29 21:31:46,458 [main] INFO OrangeHRM Application - ************* Browser Launched and Maximized *****************
2025-09-29 21:31:46,707 [main] INFO OrangeHRM Application - ************* Get The Application URL  *****************
2025-09-29 21:31:51,367 [main] INFO OrangeHRM Application - *** Enter The User Name of The Orange HRM Portal***
2025-09-29 21:31:53,578 [main] INFO OrangeHRM Application - *** Enter The password  of The Orange HRM Portal***
2025-09-29 21:31:54,148 [main] INFO OrangeHRM Application - *** Click The Login Button ***
2025-09-29 21:31:55,872 [main] INFO OrangeHRM Application - *** click the PIM side menu ***
2025-09-29 21:31:58,141 [main] INFO OrangeHRM Application - *** click Add New Button ***
2025-09-29 21:31:59,630 [main] INFO OrangeHRM Application - *** Add Employee Details ***
2025-09-29 21:37:18,184 [main] INFO OrangeHRM Application - ************* Launching CHROME Browser *****************
2025-09-29 21:37:20,209 [main] INFO OrangeHRM Application - ************* Browser Launched and Maximized *****************
2025-09-29 21:37:20,465 [main] INFO OrangeHRM Application - ************* Get The Application URL  *****************
2025-09-29 21:37:25,064 [main] INFO OrangeHRM Application - *** Enter The User Name of The Orange HRM Portal***
2025-09-29 21:37:26,251 [main] INFO OrangeHRM Application - *** Enter The password  of The Orange HRM Portal***
2025-09-29 21:37:26,806 [main] INFO OrangeHRM Application - *** Click The Login Button ***
2025-09-29 21:37:28,401 [main] INFO OrangeHRM Application - *** click the PIM side menu ***
2025-09-29 21:37:30,524 [main] INFO OrangeHRM Application - *** click Add New Button ***
2025-09-29 21:37:31,886 [main] INFO OrangeHRM Application - *** Add Employee Details ***
2025-09-29 21:38:15,801 [main] INFO OrangeHRM Application - ************* Launching CHROME Browser *****************
2025-09-29 21:38:17,764 [main] INFO OrangeHRM Application - ************* Browser Launched and Maximized *****************
2025-09-29 21:38:17,992 [main] INFO OrangeHRM Application - ************* Get The Application URL  *****************
2025-09-29 21:38:23,587 [main] INFO OrangeHRM Application - *** Enter The User Name of The Orange HRM Portal***
2025-09-29 21:38:25,125 [main] INFO OrangeHRM Application - *** Enter The password  of The Orange HRM Portal***
2025-09-29 21:38:25,616 [main] INFO OrangeHRM Application - *** Click The Login Button ***
2025-09-29 21:38:27,269 [main] INFO OrangeHRM Application - *** click the PIM side menu ***
2025-09-29 21:38:29,258 [main] INFO OrangeHRM Application - *** click Add New Button ***
2025-09-29 21:38:31,129 [main] INFO OrangeHRM Application - *** Add Employee Details ***
2025-09-29 21:41:45,089 [main] INFO OrangeHRM Application - ************* Launching CHROME Browser *****************
2025-09-29 21:41:46,874 [main] INFO OrangeHRM Application - ************* Browser Launched and Maximized *****************
2025-09-29 21:41:47,131 [main] INFO OrangeHRM Application - ************* Get The Application URL  *****************
2025-09-29 21:41:51,117 [main] INFO OrangeHRM Application - *** Enter The User Name of The Orange HRM Portal***
2025-09-29 21:41:52,887 [main] INFO OrangeHRM Application - *** Enter The password  of The Orange HRM Portal***
2025-09-29 21:41:53,414 [main] INFO OrangeHRM Application - *** Click The Login Button ***
2025-09-29 21:41:55,056 [main] INFO OrangeHRM Application - *** click the PIM side menu ***
2025-09-29 21:41:57,200 [main] INFO OrangeHRM Application - *** click Add New Button ***
2025-09-29 21:41:58,617 [main] INFO OrangeHRM Application - *** Add Employee Details ***
2025-09-29 21:44:37,957 [main] INFO OrangeHRM Application - ************* Launching CHROME Browser *****************
2025-09-29 21:44:39,832 [main] INFO OrangeHRM Application - ************* Browser Launched and Maximized *****************
2025-09-29 21:44:40,132 [main] INFO OrangeHRM Application - ************* Get The Application URL  *****************
2025-09-29 21:44:46,025 [main] INFO OrangeHRM Application - *** Enter The User Name of The Orange HRM Portal***
2025-09-29 21:44:47,178 [main] INFO OrangeHRM Application - *** Enter The password  of The Orange HRM Portal***
2025-09-29 21:44:47,556 [main] INFO OrangeHRM Application - *** Click The Login Button ***
2025-09-29 21:44:49,153 [main] INFO OrangeHRM Application - *** click the PIM side menu ***
2025-09-29 21:44:51,242 [main] INFO OrangeHRM Application - *** click Add New Button ***
2025-09-29 21:44:52,913 [main] INFO OrangeHRM Application - *** Add Employee Details ***
2025-09-29 22:15:19,900 [main] INFO OrangeHRM Application - ************* Launching CHROME Browser *****************
2025-09-29 22:15:21,751 [main] INFO OrangeHRM Application - ************* Browser Launched and Maximized *****************
2025-09-29 22:15:22,092 [main] INFO OrangeHRM Application - ************* Get The Application URL  *****************
2025-09-29 22:15:38,203 [main] INFO OrangeHRM Application - *** Enter The User Name of The Orange HRM Portal***
2025-09-29 22:15:39,910 [main] INFO OrangeHRM Application - *** Enter The password  of The Orange HRM Portal***
2025-09-29 22:15:40,480 [main] INFO OrangeHRM Application - *** Click The Login Button ***
2025-09-29 22:15:40,712 [main] INFO OrangeHRM Application - *** click the PIM side menu ***
2025-09-29 22:15:44,473 [main] INFO OrangeHRM Application - *** click Add New Button ***
2025-09-29 22:15:45,944 [main] INFO OrangeHRM Application - *** Add Employee Details ***
2025-09-29 22:26:58,396 [main] INFO OrangeHRM Application - ************* Launching CHROME Browser *****************
2025-09-29 22:27:00,116 [main] INFO OrangeHRM Application - ************* Browser Launched and Maximized *****************
2025-09-29 22:27:00,493 [main] INFO OrangeHRM Application - ************* Get The Application URL  *****************
2025-09-29 22:27:06,748 [main] INFO OrangeHRM Application - *** Enter The User Name of The Orange HRM Portal***
2025-09-29 22:27:08,915 [main] INFO OrangeHRM Application - *** Enter The password  of The Orange HRM Portal***
2025-09-29 22:27:09,488 [main] INFO OrangeHRM Application - *** Click The Login Button ***
2025-09-29 22:27:11,129 [main] INFO OrangeHRM Application - *** click the PIM side menu ***
2025-09-29 22:27:13,758 [main] INFO OrangeHRM Application - *** click Add New Button ***
2025-09-29 22:27:15,323 [main] INFO OrangeHRM Application - *** Add Employee Details ***
2025-09-29 22:50:42,910 [main] INFO OrangeHRM Application - ************* Launching CHROME Browser *****************
2025-09-29 22:50:44,557 [main] INFO OrangeHRM Application - ************* Browser Launched and Maximized *****************
2025-09-29 22:50:44,768 [main] INFO OrangeHRM Application - ************* Get The Application URL  *****************
2025-09-29 22:50:49,480 [main] INFO OrangeHRM Application - *** Enter The User Name of The Orange HRM Portal***
2025-09-29 22:50:51,623 [main] INFO OrangeHRM Application - *** Enter The password  of The Orange HRM Portal***
2025-09-29 22:50:52,151 [main] INFO OrangeHRM Application - *** Click The Login Button ***
2025-09-29 22:50:54,181 [main] INFO OrangeHRM Application - *** click the PIM side menu ***
2025-09-29 22:50:57,056 [main] INFO OrangeHRM Application - *** click Add New Button ***
2025-09-29 22:50:58,742 [main] INFO OrangeHRM Application - *** Add 4 Employee details ***
2025-09-29 22:51:16,194 [main] INFO OrangeHRM Application - *** Find The 4 Employees ***
2025-09-29 22:52:05,376 [main] INFO OrangeHRM Application - ************* Launching CHROME Browser *****************
2025-09-29 22:52:07,081 [main] INFO OrangeHRM Application - ************* Browser Launched and Maximized *****************
2025-09-29 22:52:07,451 [main] INFO OrangeHRM Application - ************* Get The Application URL  *****************
2025-09-29 22:52:41,892 [main] INFO OrangeHRM Application - *** Enter The User Name of The Orange HRM Portal***
2025-09-29 22:52:44,113 [main] INFO OrangeHRM Application - *** Enter The password  of The Orange HRM Portal***
2025-09-29 22:52:44,681 [main] INFO OrangeHRM Application - *** Click The Login Button ***
2025-09-29 22:52:46,386 [main] INFO OrangeHRM Application - *** click the PIM side menu ***
2025-09-29 22:52:48,764 [main] INFO OrangeHRM Application - *** click Add New Button ***
2025-09-29 22:52:51,056 [main] INFO OrangeHRM Application - *** Add 4 Employee details ***
2025-09-29 22:53:14,236 [main] INFO OrangeHRM Application - *** Find The 4 Employees ***
2025-09-29 22:56:46,156 [main] INFO OrangeHRM Application - ************* Launching CHROME Browser *****************
2025-09-29 22:56:47,824 [main] INFO OrangeHRM Application - ************* Browser Launched and Maximized *****************
2025-09-29 22:56:48,218 [main] INFO OrangeHRM Application - ************* Get The Application URL  *****************
2025-09-29 22:56:54,222 [main] INFO OrangeHRM Application - *** Enter The User Name of The Orange HRM Portal***
2025-09-29 22:56:56,387 [main] INFO OrangeHRM Application - *** Enter The password  of The Orange HRM Portal***
2025-09-29 22:56:56,951 [main] INFO OrangeHRM Application - *** Click The Login Button ***
2025-09-29 22:56:58,626 [main] INFO OrangeHRM Application - *** click the PIM side menu ***
2025-09-29 22:57:00,859 [main] INFO OrangeHRM Application - *** click Add New Button ***
2025-09-29 22:57:02,196 [main] INFO OrangeHRM Application - *** Add 4 Employee details ***
2025-09-29 22:57:24,091 [main] INFO OrangeHRM Application - *** Find The 4 Employees ***
2025-09-29 22:58:48,660 [main] INFO OrangeHRM Application - ************* Launching CHROME Browser *****************
2025-09-29 22:58:50,333 [main] INFO OrangeHRM Application - ************* Browser Launched and Maximized *****************
2025-09-29 22:58:50,575 [main] INFO OrangeHRM Application - ************* Get The Application URL  *****************
2025-09-29 22:59:02,287 [main] INFO OrangeHRM Application - *** Enter The User Name of The Orange HRM Portal***
2025-09-29 22:59:04,591 [main] INFO OrangeHRM Application - *** Enter The password  of The Orange HRM Portal***
2025-09-29 22:59:05,237 [main] INFO OrangeHRM Application - *** Click The Login Button ***
2025-09-29 22:59:05,360 [main] INFO OrangeHRM Application - *** click the PIM side menu ***
2025-09-29 22:59:09,545 [main] INFO OrangeHRM Application - *** click Add New Button ***
2025-09-29 22:59:11,173 [main] INFO OrangeHRM Application - *** Add 4 Employee details ***
2025-09-29 22:59:35,366 [main] INFO OrangeHRM Application - *** Find The 4 Employees ***
2025-09-29 23:04:22,908 [main] INFO OrangeHRM Application - ************* Launching CHROME Browser *****************
2025-09-29 23:04:24,928 [main] INFO OrangeHRM Application - ************* Browser Launched and Maximized *****************
2025-09-29 23:04:25,211 [main] INFO OrangeHRM Application - ************* Get The Application URL  *****************
2025-09-29 23:04:32,317 [main] INFO OrangeHRM Application - *** Enter The User Name of The Orange HRM Portal***
2025-09-29 23:04:35,080 [main] INFO OrangeHRM Application - *** Enter The password  of The Orange HRM Portal***
2025-09-29 23:04:35,671 [main] INFO OrangeHRM Application - *** Click The Login Button ***
2025-09-29 23:04:37,266 [main] INFO OrangeHRM Application - *** click the PIM side menu ***
2025-09-29 23:04:40,545 [main] INFO OrangeHRM Application - *** click Add New Button ***
2025-09-29 23:04:42,647 [main] INFO OrangeHRM Application - *** Add 4 Employee details ***
2025-09-29 23:05:08,803 [main] INFO OrangeHRM Application - *** Find The 4 Employees ***
2025-09-29 23:09:30,774 [main] INFO OrangeHRM Application - ************* Launching CHROME Browser *****************
2025-09-29 23:09:32,432 [main] INFO OrangeHRM Application - ************* Browser Launched and Maximized *****************
2025-09-29 23:09:32,667 [main] INFO OrangeHRM Application - ************* Get The Application URL  *****************
2025-09-29 23:09:38,386 [main] INFO OrangeHRM Application - *** Enter The User Name of The Orange HRM Portal***
2025-09-29 23:09:41,052 [main] INFO OrangeHRM Application - *** Enter The password  of The Orange HRM Portal***
2025-09-29 23:09:41,624 [main] INFO OrangeHRM Application - *** Click The Login Button ***
2025-09-29 23:09:41,831 [main] INFO OrangeHRM Application - *** click the PIM side menu ***
2025-09-29 23:09:45,727 [main] INFO OrangeHRM Application - *** click Add New Button ***
2025-09-29 23:09:47,226 [main] INFO OrangeHRM Application - *** Add 4 Employee details ***
2025-09-29 23:10:07,523 [main] INFO OrangeHRM Application - *** Find The 4 Employees ***
2025-09-29 23:12:56,177 [main] INFO OrangeHRM Application - ************* Launching CHROME Browser *****************
2025-09-29 23:12:57,937 [main] INFO OrangeHRM Application - ************* Browser Launched and Maximized *****************
2025-09-29 23:12:58,236 [main] INFO OrangeHRM Application - ************* Get The Application URL  *****************
2025-09-29 23:13:15,659 [main] INFO OrangeHRM Application - *** Enter The User Name of The Orange HRM Portal***
2025-09-29 23:13:19,499 [main] INFO OrangeHRM Application - *** Enter The password  of The Orange HRM Portal***
2025-09-29 23:13:19,990 [main] INFO OrangeHRM Application - *** Click The Login Button ***
2025-09-29 23:13:21,703 [main] INFO OrangeHRM Application - *** click the PIM side menu ***
2025-09-29 23:13:24,733 [main] INFO OrangeHRM Application - *** click Add New Button ***
2025-09-29 23:13:26,282 [main] INFO OrangeHRM Application - *** Add 4 Employee details ***
2025-09-29 23:13:52,827 [main] INFO OrangeHRM Application - *** Find The 4 Employees ***
2025-09-29 23:17:00,753 [main] INFO OrangeHRM Application - ************* Launching CHROME Browser *****************
2025-09-29 23:17:02,921 [main] INFO OrangeHRM Application - ************* Browser Launched and Maximized *****************
2025-09-29 23:17:03,243 [main] INFO OrangeHRM Application - ************* Launching CHROME Browser *****************
2025-09-29 23:17:03,257 [main] INFO OrangeHRM Application - ************* Get The Application URL  *****************
2025-09-29 23:17:05,345 [main] INFO OrangeHRM Application - ************* Browser Launched and Maximized *****************
2025-09-29 23:17:05,587 [main] INFO OrangeHRM Application - ************* Get The Application URL  *****************
2025-09-29 23:17:09,988 [main] INFO OrangeHRM Application - *** Enter The User Name of The Orange HRM Portal***
2025-09-29 23:17:12,137 [main] INFO OrangeHRM Application - *** Enter The password  of The Orange HRM Portal***
2025-09-29 23:17:12,647 [main] INFO OrangeHRM Application - *** Click The Login Button ***
2025-09-29 23:17:14,237 [main] INFO OrangeHRM Application - *** click the PIM side menu ***
2025-09-29 23:17:14,402 [main] INFO OrangeHRM Application - *** Enter The User Name of The Orange HRM Portal***
2025-09-29 23:17:16,771 [main] INFO OrangeHRM Application - *** Enter The password  of The Orange HRM Portal***
2025-09-29 23:17:16,821 [main] INFO OrangeHRM Application - *** Click The Login Button ***
2025-09-29 23:17:16,844 [main] INFO OrangeHRM Application - *** click the PIM side menu ***
2025-09-29 23:17:16,882 [main] INFO OrangeHRM Application - *** click Add New Button ***
2025-09-29 23:17:16,905 [main] INFO OrangeHRM Application - *** Add 4 Employee details ***
2025-09-29 23:17:16,987 [main] INFO OrangeHRM Application - *** Find The 4 Employees ***
2025-09-29 23:17:17,109 [main] INFO OrangeHRM Application - *** click Add New Button ***
2025-09-29 23:17:19,143 [main] INFO OrangeHRM Application - *** Add 4 Employee details ***
2025-09-29 23:17:46,206 [main] INFO OrangeHRM Application - *** Find The 4 Employees ***
2025-09-29 23:19:04,268 [main] INFO OrangeHRM Application - ************* Launching CHROME Browser *****************
2025-09-29 23:19:06,070 [main] INFO OrangeHRM Application - ************* Browser Launched and Maximized *****************
2025-09-29 23:19:06,295 [main] INFO OrangeHRM Application - ************* Get The Application URL  *****************
2025-09-29 23:19:13,491 [main] INFO OrangeHRM Application - *** Enter The User Name of The Orange HRM Portal***
2025-09-29 23:19:15,671 [main] INFO OrangeHRM Application - *** Enter The password  of The Orange HRM Portal***
2025-09-29 23:19:16,215 [main] INFO OrangeHRM Application - *** Click The Login Button ***
2025-09-29 23:19:17,867 [main] INFO OrangeHRM Application - *** click the PIM side menu ***
2025-09-29 23:19:21,261 [main] INFO OrangeHRM Application - *** click Add New Button ***
2025-09-29 23:19:22,649 [main] INFO OrangeHRM Application - *** Add 4 Employee details ***
2025-09-29 23:19:47,252 [main] INFO OrangeHRM Application - *** Find The 4 Employees ***
2025-09-29 23:23:50,050 [main] INFO OrangeHRM Application - ************* Launching CHROME Browser *****************
2025-09-29 23:23:52,076 [main] INFO OrangeHRM Application - ************* Browser Launched and Maximized *****************
2025-09-29 23:23:52,528 [main] INFO OrangeHRM Application - ************* Get The Application URL  *****************
2025-09-29 23:24:02,630 [main] INFO OrangeHRM Application - *** Enter The User Name of The Orange HRM Portal***
2025-09-29 23:24:05,028 [main] INFO OrangeHRM Application - *** Enter The password  of The Orange HRM Portal***
2025-09-29 23:24:05,607 [main] INFO OrangeHRM Application - *** Click The Login Button ***
2025-09-29 23:24:05,825 [main] INFO OrangeHRM Application - *** click the PIM side menu ***
2025-09-29 23:24:11,889 [main] INFO OrangeHRM Application - *** click Add New Button ***
2025-09-29 23:24:13,491 [main] INFO OrangeHRM Application - *** Add 4 Employee details ***
2025-09-29 23:24:39,895 [main] INFO OrangeHRM Application - *** Find The 4 Employees ***
2025-09-29 23:26:15,154 [main] INFO OrangeHRM Application - ************* Launching CHROME Browser *****************
2025-09-29 23:26:16,936 [main] INFO OrangeHRM Application - ************* Browser Launched and Maximized *****************
2025-09-29 23:26:17,203 [main] INFO OrangeHRM Application - ************* Get The Application URL  *****************
2025-09-29 23:26:23,246 [main] INFO OrangeHRM Application - *** Enter The User Name of The Orange HRM Portal***
2025-09-29 23:26:24,833 [main] INFO OrangeHRM Application - *** Enter The password  of The Orange HRM Portal***
2025-09-29 23:26:25,410 [main] INFO OrangeHRM Application - *** Click The Login Button ***
2025-09-29 23:26:27,130 [main] INFO OrangeHRM Application - *** click the PIM side menu ***
2025-09-29 23:26:29,740 [main] INFO OrangeHRM Application - *** click Add New Button ***
2025-09-29 23:26:31,275 [main] INFO OrangeHRM Application - *** Add 4 Employee details ***
2025-09-29 23:26:56,104 [main] INFO OrangeHRM Application - *** Find The 4 Employees ***
2025-09-29 23:27:56,102 [main] INFO OrangeHRM Application - ************* Launching CHROME Browser *****************
2025-09-29 23:27:58,154 [main] INFO OrangeHRM Application - ************* Browser Launched and Maximized *****************
2025-09-29 23:27:58,260 [main] INFO OrangeHRM Application - ************* Get The Application URL  *****************
2025-09-29 23:28:10,712 [main] INFO OrangeHRM Application - *** Enter The User Name of The Orange HRM Portal***
2025-09-29 23:28:12,531 [main] INFO OrangeHRM Application - *** Enter The password  of The Orange HRM Portal***
2025-09-29 23:28:13,178 [main] INFO OrangeHRM Application - *** Click The Login Button ***
2025-09-29 23:28:13,442 [main] INFO OrangeHRM Application - *** click the PIM side menu ***
2025-09-29 23:28:18,020 [main] INFO OrangeHRM Application - *** Find The 4 Employees ***
2025-09-29 23:29:14,194 [main] INFO OrangeHRM Application - ************* Launching CHROME Browser *****************
2025-09-29 23:29:16,303 [main] INFO OrangeHRM Application - ************* Browser Launched and Maximized *****************
2025-09-29 23:29:16,669 [main] INFO OrangeHRM Application - ************* Get The Application URL  *****************
2025-09-29 23:29:31,618 [main] INFO OrangeHRM Application - *** Enter The User Name of The Orange HRM Portal***
2025-09-29 23:29:33,174 [main] INFO OrangeHRM Application - *** Enter The password  of The Orange HRM Portal***
2025-09-29 23:29:33,725 [main] INFO OrangeHRM Application - *** Click The Login Button ***
2025-09-29 23:29:35,692 [main] INFO OrangeHRM Application - *** click the PIM side menu ***
2025-09-29 23:29:38,050 [main] INFO OrangeHRM Application - *** Find The 4 Employees ***
2025-09-29 23:30:58,360 [main] INFO OrangeHRM Application - ************* Launching CHROME Browser *****************
2025-09-29 23:31:01,057 [main] INFO OrangeHRM Application - ************* Browser Launched and Maximized *****************
2025-09-29 23:31:01,394 [main] INFO OrangeHRM Application - ************* Get The Application URL  *****************
2025-09-29 23:31:03,136 [main] INFO OrangeHRM Application - ************* Launching CHROME Browser *****************
2025-09-29 23:31:06,036 [main] INFO OrangeHRM Application - ************* Browser Launched and Maximized *****************
2025-09-29 23:31:06,501 [main] INFO OrangeHRM Application - ************* Get The Application URL  *****************
2025-09-29 23:31:08,123 [main] INFO OrangeHRM Application - *** Enter The User Name of The Orange HRM Portal***
2025-09-29 23:31:10,409 [main] INFO OrangeHRM Application - *** Enter The password  of The Orange HRM Portal***
2025-09-29 23:31:10,443 [main] INFO OrangeHRM Application - *** Click The Login Button ***
2025-09-29 23:31:10,502 [main] INFO OrangeHRM Application - *** click the PIM side menu ***
2025-09-29 23:31:10,550 [main] INFO OrangeHRM Application - *** Find The 4 Employees ***
2025-09-29 23:31:15,964 [main] INFO OrangeHRM Application - *** Enter The User Name of The Orange HRM Portal***
2025-09-29 23:31:19,230 [main] INFO OrangeHRM Application - *** Enter The password  of The Orange HRM Portal***
2025-09-29 23:31:19,683 [main] INFO OrangeHRM Application - *** Click The Login Button ***
2025-09-29 23:31:21,511 [main] INFO OrangeHRM Application - *** click the PIM side menu ***
2025-09-29 23:31:24,621 [main] INFO OrangeHRM Application - *** Find The 4 Employees ***
2025-09-29 23:34:47,248 [main] INFO OrangeHRM Application - ************* Launching CHROME Browser *****************
2025-09-29 23:34:49,208 [main] INFO OrangeHRM Application - ************* Browser Launched and Maximized *****************
2025-09-29 23:34:49,532 [main] INFO OrangeHRM Application - ************* Get The Application URL  *****************
2025-09-29 23:35:00,945 [main] INFO OrangeHRM Application - *** Enter The User Name of The Orange HRM Portal***
2025-09-29 23:35:03,450 [main] INFO OrangeHRM Application - *** Enter The password  of The Orange HRM Portal***
2025-09-29 23:35:04,079 [main] INFO OrangeHRM Application - *** Click The Login Button ***
2025-09-29 23:35:05,855 [main] INFO OrangeHRM Application - *** click the PIM side menu ***
2025-09-29 23:35:08,848 [main] INFO OrangeHRM Application - *** Find The 4 Employees ***
2025-09-29 23:38:32,552 [main] INFO OrangeHRM Application - ************* Launching CHROME Browser *****************
2025-09-29 23:38:34,650 [main] INFO OrangeHRM Application - ************* Browser Launched and Maximized *****************
2025-09-29 23:38:34,969 [main] INFO OrangeHRM Application - ************* Get The Application URL  *****************
2025-09-29 23:38:40,282 [main] INFO OrangeHRM Application - *** Enter The User Name of The Orange HRM Portal***
2025-09-29 23:38:42,426 [main] INFO OrangeHRM Application - *** Enter The password  of The Orange HRM Portal***
2025-09-29 23:38:43,030 [main] INFO OrangeHRM Application - *** Click The Login Button ***
2025-09-29 23:38:43,267 [main] INFO OrangeHRM Application - *** click the PIM side menu ***
2025-09-29 23:38:47,555 [main] INFO OrangeHRM Application - *** Find The 4 Employees ***
2025-09-29 23:42:14,874 [main] INFO OrangeHRM Application - ************* Launching CHROME Browser *****************
2025-09-29 23:42:16,711 [main] INFO OrangeHRM Application - ************* Browser Launched and Maximized *****************
2025-09-29 23:42:16,921 [main] INFO OrangeHRM Application - ************* Get The Application URL  *****************
2025-09-29 23:42:35,009 [main] INFO OrangeHRM Application - *** Enter The User Name of The Orange HRM Portal***
2025-09-29 23:42:38,754 [main] INFO OrangeHRM Application - *** Enter The password  of The Orange HRM Portal***
2025-09-29 23:42:39,194 [main] INFO OrangeHRM Application - *** Click The Login Button ***
2025-09-29 23:42:40,979 [main] INFO OrangeHRM Application - *** click the PIM side menu ***
2025-09-29 23:42:43,174 [main] INFO OrangeHRM Application - *** Find The 4 Employees ***
2025-09-29 23:44:53,829 [main] INFO OrangeHRM Application - ************* Launching CHROME Browser *****************
2025-09-29 23:44:54,845 [main] INFO OrangeHRM Application - ************* Browser Launched and Maximized *****************
2025-09-29 23:44:54,994 [main] INFO OrangeHRM Application - ************* Get The Application URL  *****************
2025-09-29 23:45:00,261 [main] INFO OrangeHRM Application - *** Enter The User Name of The Orange HRM Portal***
2025-09-29 23:45:04,256 [main] INFO OrangeHRM Application - *** Enter The password  of The Orange HRM Portal***
2025-09-29 23:45:04,385 [main] INFO OrangeHRM Application - *** Click The Login Button ***
2025-09-29 23:45:06,051 [main] INFO OrangeHRM Application - *** click the PIM side menu ***
2025-09-29 23:45:08,506 [main] INFO OrangeHRM Application - *** Find The 4 Employees ***
2025-09-29 23:48:03,632 [main] INFO OrangeHRM Application - ************* Launching CHROME Browser *****************
2025-09-29 23:48:04,677 [main] INFO OrangeHRM Application - ************* Browser Launched and Maximized *****************
2025-09-29 23:48:04,870 [main] INFO OrangeHRM Application - ************* Get The Application URL  *****************
2025-09-29 23:48:16,291 [main] INFO OrangeHRM Application - *** Enter The User Name of The Orange HRM Portal***
2025-09-29 23:48:35,698 [main] INFO OrangeHRM Application - *** Enter The password  of The Orange HRM Portal***
2025-09-29 23:48:35,713 [main] INFO OrangeHRM Application - *** Click The Login Button ***
2025-09-29 23:48:35,724 [main] INFO OrangeHRM Application - *** click the PIM side menu ***
2025-09-29 23:48:35,739 [main] INFO OrangeHRM Application - *** Find The 4 Employees ***
2025-09-29 23:48:40,938 [main] INFO OrangeHRM Application - ************* Launching CHROME Browser *****************
2025-09-29 23:48:41,973 [main] INFO OrangeHRM Application - ************* Browser Launched and Maximized *****************
2025-09-29 23:48:42,127 [main] INFO OrangeHRM Application - ************* Get The Application URL  *****************
2025-09-29 23:48:47,726 [main] INFO OrangeHRM Application - *** Enter The User Name of The Orange HRM Portal***
2025-09-29 23:49:18,013 [main] INFO OrangeHRM Application - *** Enter The password  of The Orange HRM Portal***
2025-09-29 23:49:48,324 [main] INFO OrangeHRM Application - *** Click The Login Button ***
2025-09-29 23:50:18,561 [main] INFO OrangeHRM Application - *** click the PIM side menu ***
2025-09-29 23:50:28,776 [main] INFO OrangeHRM Application - *** Find The 4 Employees ***
2025-09-29 23:55:08,744 [main] INFO OrangeHRM Application - ************* Launching CHROME Browser *****************
2025-09-29 23:55:09,776 [main] INFO OrangeHRM Application - ************* Browser Launched and Maximized *****************
2025-09-29 23:55:09,951 [main] INFO OrangeHRM Application - ************* Get The Application URL  *****************
2025-09-29 23:55:20,719 [main] INFO OrangeHRM Application - *** Enter The User Name of The Orange HRM Portal***
2025-09-29 23:55:36,395 [main] INFO OrangeHRM Application - *** Enter The password  of The Orange HRM Portal***
2025-09-29 23:55:36,405 [main] INFO OrangeHRM Application - *** Click The Login Button ***
2025-09-29 23:55:36,415 [main] INFO OrangeHRM Application - *** click the PIM side menu ***
2025-09-29 23:55:36,428 [main] INFO OrangeHRM Application - *** click Add New Button ***
2025-09-29 23:55:36,436 [main] INFO OrangeHRM Application - *** Add 4 Employee details ***
2025-09-29 23:55:36,466 [main] INFO OrangeHRM Application - *** Find The 4 Employees ***
2025-09-30 00:03:00,149 [main] INFO OrangeHRM Application - ************* Launching CHROME Browser *****************
2025-09-30 00:03:01,144 [main] INFO OrangeHRM Application - ************* Browser Launched and Maximized *****************
2025-09-30 00:03:01,364 [main] INFO OrangeHRM Application - ************* Quitting Browser *****************
2025-09-30 00:03:01,498 [main] INFO OrangeHRM Application - ************* Browser Closed Successfully *****************
2025-09-30 00:05:22,327 [main] INFO OrangeHRM Application - ************* Launching CHROME Browser *****************
2025-09-30 00:05:23,356 [main] INFO OrangeHRM Application - ************* Browser Launched and Maximized *****************
2025-09-30 00:05:23,551 [main] INFO OrangeHRM Application - ************* Quitting Browser *****************
2025-09-30 00:05:23,676 [main] INFO OrangeHRM Application - ************* Browser Closed Successfully *****************
2025-09-30 00:09:24,779 [main] INFO OrangeHRM Application - ************* Launching CHROME Browser *****************
2025-09-30 00:09:25,860 [main] INFO OrangeHRM Application - ************* Browser Launched and Maximized *****************
2025-09-30 00:09:26,001 [main] INFO OrangeHRM Application - *** launch The Browser ***
2025-09-30 00:09:26,009 [main] INFO OrangeHRM Application - *** launch The app URL***
2025-09-30 00:09:41,350 [main] INFO OrangeHRM Application - *** Enter The User Name of The Orange HRM Portal***
2025-09-30 00:09:44,228 [main] INFO OrangeHRM Application - *** Enter The password  of The Orange HRM Portal***
2025-09-30 00:09:44,366 [main] INFO OrangeHRM Application - *** Click The Login Button ***
2025-09-30 00:09:46,125 [main] INFO OrangeHRM Application - *** click the PIM side menu ***
2025-09-30 00:09:48,522 [main] INFO OrangeHRM Application - *** click Add New Button ***
2025-09-30 00:09:50,377 [main] INFO OrangeHRM Application - *** Add 4 Employee details ***
2025-09-30 00:10:07,980 [main] INFO OrangeHRM Application - *** Find The 4 Employees ***
2025-09-30 00:10:12,211 [main] INFO OrangeHRM Application - ************* Quitting Browser *****************
2025-09-30 00:10:12,311 [main] INFO OrangeHRM Application - ************* Browser Closed Successfully *****************
2025-09-30 00:16:40,679 [main] INFO OrangeHRM Application - ************* Launching CHROME Browser *****************
2025-09-30 00:16:42,538 [main] INFO OrangeHRM Application - ************* Browser Launched and Maximized *****************
2025-09-30 00:16:42,839 [main] INFO OrangeHRM Application - *** launch The Browser ***
2025-09-30 00:16:42,849 [main] INFO OrangeHRM Application - *** launch The app URL***
2025-09-30 00:16:51,992 [main] INFO OrangeHRM Application - *** Enter The User Name of The Orange HRM Portal***
2025-09-30 00:16:53,755 [main] INFO OrangeHRM Application - *** Enter The password  of The Orange HRM Portal***
2025-09-30 00:16:53,902 [main] INFO OrangeHRM Application - *** Click The Login Button ***
2025-09-30 00:16:55,756 [main] INFO OrangeHRM Application - *** click the PIM side menu ***
2025-09-30 00:16:58,359 [main] INFO OrangeHRM Application - *** click Add New Button ***
2025-09-30 00:17:00,147 [main] INFO OrangeHRM Application - *** Add 4 Employee details ***
2025-09-30 00:17:16,772 [main] INFO OrangeHRM Application - *** Find The 4 Employees ***
2025-09-30 00:17:21,485 [main] INFO OrangeHRM Application - ************* Quitting Browser *****************
2025-09-30 00:17:21,608 [main] INFO OrangeHRM Application - ************* Browser Closed Successfully *****************
2025-09-30 00:21:37,637 [main] INFO OrangeHRM Application - ************* Launching CHROME Browser *****************
2025-09-30 00:21:38,979 [main] INFO OrangeHRM Application - ************* Browser Launched and Maximized *****************
2025-09-30 00:21:39,271 [main] INFO OrangeHRM Application - *** launch The Browser ***
2025-09-30 00:21:39,278 [main] INFO OrangeHRM Application - *** launch The app URL***
2025-09-30 00:21:46,460 [main] INFO OrangeHRM Application - *** Enter The User Name of The Orange HRM Portal***
2025-09-30 00:21:49,041 [main] INFO OrangeHRM Application - *** Enter The password  of The Orange HRM Portal***
2025-09-30 00:21:49,330 [main] INFO OrangeHRM Application - *** Click The Login Button ***
2025-09-30 00:21:51,065 [main] INFO OrangeHRM Application - *** click the PIM side menu ***
2025-09-30 00:21:53,514 [main] INFO OrangeHRM Application - *** click Add New Button ***
2025-09-30 00:21:56,134 [main] INFO OrangeHRM Application - *** Add 4 Employee details ***
2025-09-30 00:22:43,565 [main] INFO OrangeHRM Application - *** Find The 4 Employees ***
2025-09-30 00:22:59,620 [main] INFO OrangeHRM Application - ************* Quitting Browser *****************
2025-09-30 00:22:59,819 [main] INFO OrangeHRM Application - ************* Browser Closed Successfully *****************
2025-09-30 00:30:37,380 [main] INFO OrangeHRM Application - ************* Launching CHROME Browser *****************
2025-09-30 00:30:39,914 [main] INFO OrangeHRM Application - ************* Browser Launched and Maximized *****************
2025-09-30 00:30:40,331 [main] INFO OrangeHRM Application - *** launch The Browser ***
2025-09-30 00:30:40,343 [main] INFO OrangeHRM Application - *** launch The app URL***
2025-09-30 00:30:53,680 [main] INFO OrangeHRM Application - *** Enter The User Name of The Orange HRM Portal***
2025-09-30 00:30:57,397 [main] INFO OrangeHRM Application - *** Enter The password  of The Orange HRM Portal***
2025-09-30 00:30:57,732 [main] INFO OrangeHRM Application - *** Click The Login Button ***
2025-09-30 00:30:57,852 [main] INFO OrangeHRM Application - *** click the PIM side menu ***
2025-09-30 00:31:01,882 [main] INFO OrangeHRM Application - *** Find The 4 Employees ***
2025-09-30 00:31:06,346 [main] INFO OrangeHRM Application - *** Moving to The DashBoard Page ***
2025-09-30 00:31:07,786 [main] INFO OrangeHRM Application - ************* Quitting Browser *****************
2025-09-30 00:31:07,928 [main] INFO OrangeHRM Application - ************* Browser Closed Successfully *****************
2025-09-30 00:31:45,626 [main] INFO OrangeHRM Application - ************* Launching CHROME Browser *****************
2025-09-30 00:31:47,009 [main] INFO OrangeHRM Application - ************* Browser Launched and Maximized *****************
2025-09-30 00:31:47,223 [main] INFO OrangeHRM Application - *** launch The Browser ***
2025-09-30 00:31:47,228 [main] INFO OrangeHRM Application - *** launch The app URL***
2025-09-30 00:31:52,974 [main] INFO OrangeHRM Application - *** Enter The User Name of The Orange HRM Portal***
2025-09-30 00:31:55,695 [main] INFO OrangeHRM Application - *** Enter The password  of The Orange HRM Portal***
2025-09-30 00:31:56,033 [main] INFO OrangeHRM Application - *** Click The Login Button ***
2025-09-30 00:31:57,674 [main] INFO OrangeHRM Application - *** click the PIM side menu ***
2025-09-30 00:32:00,248 [main] INFO OrangeHRM Application - *** Find The 4 Employees ***
2025-09-30 00:32:04,807 [main] INFO OrangeHRM Application - *** Moving to The DashBoard Page ***
2025-09-30 00:37:11,993 [main] INFO OrangeHRM Application - ************* Launching CHROME Browser *****************
2025-09-30 00:37:13,025 [main] INFO OrangeHRM Application - ************* Browser Launched and Maximized *****************
2025-09-30 00:37:13,164 [main] INFO OrangeHRM Application - *** launch The Browser ***
2025-09-30 00:37:13,169 [main] INFO OrangeHRM Application - *** launch The app URL***
2025-09-30 00:37:22,696 [main] INFO OrangeHRM Application - *** Enter The User Name of The Orange HRM Portal***
2025-09-30 00:37:26,120 [main] INFO OrangeHRM Application - *** Enter The password  of The Orange HRM Portal***
2025-09-30 00:37:26,259 [main] INFO OrangeHRM Application - *** Click The Login Button ***
2025-09-30 00:37:26,337 [main] INFO OrangeHRM Application - *** click the PIM side menu ***
2025-09-30 00:37:30,698 [main] INFO OrangeHRM Application - *** Find The 4 Employees ***
2025-09-30 00:37:33,837 [main] INFO OrangeHRM Application - *** Moving to The DashBoard Page ***
2025-09-30 00:47:08,152 [main] INFO OrangeHRM Application - ************* Launching CHROME Browser *****************
2025-09-30 00:47:09,382 [main] INFO OrangeHRM Application - ************* Browser Launched and Maximized *****************
2025-09-30 00:47:09,577 [main] INFO OrangeHRM Application - *** launch The Browser ***
2025-09-30 00:47:09,583 [main] INFO OrangeHRM Application - *** launch The app URL***
2025-09-30 00:47:14,942 [main] INFO OrangeHRM Application - *** Enter The User Name of The Orange HRM Portal***
2025-09-30 00:47:16,200 [main] INFO OrangeHRM Application - *** Enter The password  of The Orange HRM Portal***
2025-09-30 00:47:16,377 [main] INFO OrangeHRM Application - *** Click The Login Button ***
2025-09-30 00:47:18,060 [main] INFO OrangeHRM Application - *** click the PIM side menu ***
2025-09-30 00:47:20,129 [main] INFO OrangeHRM Application - *** Find The 4 Employees ***
2025-09-30 00:47:23,789 [main] INFO OrangeHRM Application - *** Moving to The DashBoard Page ***
2025-09-30 00:47:24,457 [main] INFO OrangeHRM Application - *** Click The profile dropdown &Click The logout Button Button ***
